<?xml version="1.0" encoding="UTF-8" standalone="no"?>
<ns2:CustomerOrder xmlns:ns2="http://services.sjrb.ad/order" accountId="134426260441" accountNumber="34426260441" instanceId="null" locationId="221" locationTimeZone="null" orderAim="MODIFY" orderId="null" status="Completed">
  <ns2:DigitalPhoneOrder>
   <ns2:offeringId>null</ns2:offeringId>
   <ns2:PhoneLineOrder>
     <ns2:offeringId>null</ns2:offeringId>
     <ns2:DisconnectDigitalPhoneHardwareOrder>
      <ns2:offeringId>null</ns2:offeringId>
      <ns2:orderStatus>deprovisioningpending</ns2:orderStatus>
      <ns2:serialNumber>xb6converged000247</ns2:serialNumber>
      <ns2:reason>Remove</ns2:reason>
      <ns2:deviceType>Converged</ns2:deviceType>
     </ns2:DisconnectDigitalPhoneHardwareOrder>
     <ns2:DigitalPhoneHardwareOrder>
      <ns2:offeringId>null</ns2:offeringId>
      <ns2:orderStatus>provisioned</ns2:orderStatus>
      <ns2:serialNumber>xb6converged000248</ns2:serialNumber>
      <ns2:technicianId>00277</ns2:technicianId>
      <ns2:ownership>rented</ns2:ownership>
      <ns2:reason>Order Swap</ns2:reason>
      <ns2:deviceType>Converged</ns2:deviceType>
     </ns2:DigitalPhoneHardwareOrder>
     <ns2:orderStatus>provisioned</ns2:orderStatus>
     <ns2:telephoneNumber>4065884119</ns2:telephoneNumber>
     <ns2:phoneNumberType>null</ns2:phoneNumberType>
     <ns2:reason>Add</ns2:reason>
   </ns2:PhoneLineOrder>
   <ns2:orderStatus>pending</ns2:orderStatus>
  </ns2:DigitalPhoneOrder>
  <ns2:InternetOrder>
   <ns2:offeringId>null</ns2:offeringId>
   <ns2:DisconnectInternetHardwareOrder>
     <ns2:offeringId>null</ns2:offeringId>
     <ns2:orderStatus>deprovisioningpending</ns2:orderStatus>
     <ns2:serialNumber>xb6converged000247</ns2:serialNumber>
     <ns2:technicianId>00277</ns2:technicianId>
     <ns2:ownership>rented</ns2:ownership>
     <ns2:reason>Order Swap</ns2:reason>
     <ns2:deviceType>Converged</ns2:deviceType>
   </ns2:DisconnectInternetHardwareOrder>
   <ns2:InternetHardwareOrder>
     <ns2:offeringId>null</ns2:offeringId>
     <ns2:orderStatus>provisioned</ns2:orderStatus>
     <ns2:serialNumber>xb6converged000248</ns2:serialNumber>
     <ns2:technicianId>00277</ns2:technicianId>
     <ns2:ownership>rented</ns2:ownership>
     <ns2:reason>Order Swap</ns2:reason>
     <ns2:deviceType>Converged</ns2:deviceType>
   </ns2:InternetHardwareOrder>
   <ns2:orderStatus>pending</ns2:orderStatus>
  </ns2:InternetOrder>
  <ns2:DigitalTVOrder>
   <ns2:offeringId>null</ns2:offeringId>
   <ns2:DigitalTVHardwareOrder>
     <ns2:offeringId>null</ns2:offeringId>
     <ns2:orderStatus>provisioned</ns2:orderStatus>
     <ns2:serialNumber>4xgateway00312</ns2:serialNumber>
     <ns2:technicianId>00277</ns2:technicianId>
     <ns2:ownership>rented</ns2:ownership>
     <ns2:reason>Order Swap</ns2:reason>
   </ns2:DigitalTVHardwareOrder>
   <ns2:DigitalTVHardwareOrder>
     <ns2:offeringId>null</ns2:offeringId>
     <ns2:orderStatus>provisioned</ns2:orderStatus>
     <ns2:serialNumber>5xportal00312</ns2:serialNumber>
     <ns2:technicianId>00277</ns2:technicianId>
     <ns2:ownership>rented</ns2:ownership>
     <ns2:reason>Order Swap</ns2:reason>
   </ns2:DigitalTVHardwareOrder>
   <ns2:DisconnectDigitalTVHardwareOrder>
     <ns2:offeringId>null</ns2:offeringId>
     <ns2:orderStatus>deprovisioned</ns2:orderStatus>
     <ns2:serialNumber>5xportal00311</ns2:serialNumber>
     <ns2:ownership>rented</ns2:ownership>
     <ns2:reason>Order Swap</ns2:reason>
   </ns2:DisconnectDigitalTVHardwareOrder>
   <ns2:DisconnectDigitalTVHardwareOrder>
     <ns2:offeringId>null</ns2:offeringId>
     <ns2:orderStatus>deprovisioned</ns2:orderStatus>
     <ns2:serialNumber>4xgateway00311</ns2:serialNumber>
     <ns2:ownership>rented</ns2:ownership>
     <ns2:reason>Order Swap</ns2:reason>
   </ns2:DisconnectDigitalTVHardwareOrder>
   <ns2:orderStatus>pending</ns2:orderStatus>
  </ns2:DigitalTVOrder>
</ns2:CustomerOrder>
