<?xml version="1.0" encoding="UTF-8"?><ns2:ServiceActivationRequest xmlns:ns2="http://cia.services.shaw.com/schemas/ServiceActivation/v1" xmlns="http://cia.services.netcracker.com/schemas/CommonTypes/v1" xmlns:ns3="http://cia.services.cablelabs.com/schemas/v1/CIALib" xmlns:ns4="http://cia.services.cablelabs.com/schemas/v1/ServiceOrder">
  
  <ns4:ServiceOrder>
   <ns3:CustomerAccountInteractionRole>
     <ns3:CustomerAccountRef>
      <ns3:AccountId>32957343853</ns3:AccountId>
     </ns3:CustomerAccountRef>
   </ns3:CustomerAccountInteractionRole>
   <ns4:ServiceOrderProperties/>
   <ns4:ServiceOrderItems>
     <ns4:ServiceOrderItem>
      <ns3:BusinessInteractionLocation>
        <ns3:AmericanPropertyAddress>
         <ns3:AmericanPropertyAddressProperties>
           <ns3:AddressId>221</ns3:AddressId>
         </ns3:AmericanPropertyAddressProperties>
        </ns3:AmericanPropertyAddress>
      </ns3:BusinessInteractionLocation>
      <ns4:ServiceOrderItemProperties>
        <ns3:Action>SET</ns3:Action>
      </ns4:ServiceOrderItemProperties>
      <ns3:ResourceFacingService>
        <ns3:ServiceCharacteristics>
         <ns3:Characteristic>
           <ns3:CharacteristicName>null</ns3:CharacteristicName>
           <ns3:CharacteristicCategory>
            <ns3:CategoryName>null</ns3:CategoryName>
           </ns3:CharacteristicCategory>
           <ns3:CharacteristicValue>
            <ns3:Value>null</ns3:Value>
           </ns3:CharacteristicValue>
         </ns3:Characteristic>
        </ns3:ServiceCharacteristics>
        <ns3:ResourceFacingServiceProperties>
         <ns3:ServiceId>null</ns3:ServiceId>
        </ns3:ResourceFacingServiceProperties>
        <ns3:ResourceFacingServiceSpec>
         <ns3:ServiceSpecClassification>
           <ns3:ServiceSpecClassificationName>DEVICE</ns3:ServiceSpecClassificationName>
         </ns3:ServiceSpecClassification>
         <ns3:ResourceFacingServiceSpecProperties>
           <ns3:ServiceSpecId>1000</ns3:ServiceSpecId>
         </ns3:ResourceFacingServiceSpecProperties>
        </ns3:ResourceFacingServiceSpec>
      </ns3:ResourceFacingService>
     </ns4:ServiceOrderItem>
     <ns4:ServiceOrderItem>
      <ns3:BusinessInteractionLocation>
        <ns3:AmericanPropertyAddress>
         <ns3:AmericanPropertyAddressProperties>
           <ns3:AddressId>221</ns3:AddressId>
         </ns3:AmericanPropertyAddressProperties>
        </ns3:AmericanPropertyAddress>
      </ns3:BusinessInteractionLocation>
      <ns4:ServiceOrderItemProperties>
        <ns3:Action>SET</ns3:Action>
      </ns4:ServiceOrderItemProperties>
      <ns3:ResourceFacingService>
        <ns3:ServiceCharacteristics>
         <ns3:Characteristic>
           <ns3:CharacteristicName>null</ns3:CharacteristicName>
           <ns3:CharacteristicCategory>
            <ns3:CategoryName>null</ns3:CategoryName>
           </ns3:CharacteristicCategory>
           <ns3:CharacteristicValue>
            <ns3:Value>null</ns3:Value>
           </ns3:CharacteristicValue>
         </ns3:Characteristic>
         <ns3:Characteristic>
           <ns3:CharacteristicName>null</ns3:CharacteristicName>
           <ns3:CharacteristicCategory>
            <ns3:CategoryName>null</ns3:CategoryName>
           </ns3:CharacteristicCategory>
           <ns3:CharacteristicValue>
            <ns3:Value>null</ns3:Value>
           </ns3:CharacteristicValue>
         </ns3:Characteristic>
         <ns3:Characteristic>
           <ns3:CharacteristicName>null</ns3:CharacteristicName>
           <ns3:CharacteristicCategory>
            <ns3:CategoryName>null</ns3:CategoryName>
           </ns3:CharacteristicCategory>
           <ns3:CharacteristicValue>
            <ns3:Value>null</ns3:Value>
           </ns3:CharacteristicValue>
         </ns3:Characteristic>
         <ns3:Characteristic>
           <ns3:CharacteristicName>null</ns3:CharacteristicName>
           <ns3:CharacteristicCategory>
            <ns3:CategoryName>null</ns3:CategoryName>
           </ns3:CharacteristicCategory>
           <ns3:CharacteristicValue>
            <ns3:Value>null</ns3:Value>
           </ns3:CharacteristicValue>
         </ns3:Characteristic>
         <ns3:Characteristic>
           <ns3:CharacteristicName>null</ns3:CharacteristicName>
           <ns3:CharacteristicCategory>
            <ns3:CategoryName>null</ns3:CategoryName>
           </ns3:CharacteristicCategory>
           <ns3:CharacteristicValue>
            <ns3:Value>null</ns3:Value>
           </ns3:CharacteristicValue>
         </ns3:Characteristic>
        </ns3:ServiceCharacteristics>
        <ns3:ResourceFacingServiceProperties>
         <ns3:ServiceId>null</ns3:ServiceId>
        </ns3:ResourceFacingServiceProperties>
        <ns3:ResourceFacingServiceSpec>
         <ns3:ServiceSpecClassification>
           <ns3:ServiceSpecClassificationName>LinearTV</ns3:ServiceSpecClassificationName>
         </ns3:ServiceSpecClassification>
         <ns3:ResourceFacingServiceSpecProperties>
           <ns3:ServiceSpecId>100</ns3:ServiceSpecId>
         </ns3:ResourceFacingServiceSpecProperties>
        </ns3:ResourceFacingServiceSpec>
        <ns3:ResourceRefs>
         <ns3:ResourceRef>
           <ns3:ObjectId>null</ns3:ObjectId>
         </ns3:ResourceRef>
        </ns3:ResourceRefs>
      </ns3:ResourceFacingService>
     </ns4:ServiceOrderItem>
     <ns4:ServiceOrderItem>
      <ns3:BusinessInteractionLocation>
        <ns3:AmericanPropertyAddress>
         <ns3:AmericanPropertyAddressProperties>
           <ns3:AddressId>221</ns3:AddressId>
         </ns3:AmericanPropertyAddressProperties>
        </ns3:AmericanPropertyAddress>
      </ns3:BusinessInteractionLocation>
      <ns4:ServiceOrderItemProperties>
        <ns3:Action>SET</ns3:Action>
      </ns4:ServiceOrderItemProperties>
      <ns3:ResourceFacingService>
        <ns3:ServiceCharacteristics>
         <ns3:Characteristic>
           <ns3:CharacteristicName>null</ns3:CharacteristicName>
           <ns3:CharacteristicCategory>
            <ns3:CategoryName>null</ns3:CategoryName>
           </ns3:CharacteristicCategory>
           <ns3:CharacteristicValue>
            <ns3:Value>null</ns3:Value>
           </ns3:CharacteristicValue>
         </ns3:Characteristic>
         <ns3:Characteristic>
           <ns3:CharacteristicName>null</ns3:CharacteristicName>
           <ns3:CharacteristicCategory>
            <ns3:CategoryName>null</ns3:CategoryName>
           </ns3:CharacteristicCategory>
           <ns3:CharacteristicValue>
            <ns3:Value>null</ns3:Value>
           </ns3:CharacteristicValue>
         </ns3:Characteristic>
         <ns3:Characteristic>
           <ns3:CharacteristicName>null</ns3:CharacteristicName>
           <ns3:CharacteristicCategory>
            <ns3:CategoryName>null</ns3:CategoryName>
           </ns3:CharacteristicCategory>
           <ns3:CharacteristicValue>
            <ns3:Value>null</ns3:Value>
           </ns3:CharacteristicValue>
         </ns3:Characteristic>
         <ns3:Characteristic>
           <ns3:CharacteristicName>null</ns3:CharacteristicName>
           <ns3:CharacteristicCategory>
            <ns3:CategoryName>null</ns3:CategoryName>
           </ns3:CharacteristicCategory>
           <ns3:CharacteristicValue>
            <ns3:Value>null</ns3:Value>
           </ns3:CharacteristicValue>
         </ns3:Characteristic>
         <ns3:Characteristic>
           <ns3:CharacteristicName>null</ns3:CharacteristicName>
           <ns3:CharacteristicCategory>
            <ns3:CategoryName>null</ns3:CategoryName>
           </ns3:CharacteristicCategory>
           <ns3:CharacteristicValue>
            <ns3:Value>null</ns3:Value>
           </ns3:CharacteristicValue>
         </ns3:Characteristic>
        </ns3:ServiceCharacteristics>
        <ns3:ResourceFacingServiceProperties>
         <ns3:ServiceId>null</ns3:ServiceId>
        </ns3:ResourceFacingServiceProperties>
        <ns3:ResourceFacingServiceSpec>
         <ns3:ServiceSpecClassification>
           <ns3:ServiceSpecClassificationName>VOD</ns3:ServiceSpecClassificationName>
         </ns3:ServiceSpecClassification>
         <ns3:ResourceFacingServiceSpecProperties>
           <ns3:ServiceSpecId>101</ns3:ServiceSpecId>
         </ns3:ResourceFacingServiceSpecProperties>
        </ns3:ResourceFacingServiceSpec>
        <ns3:ResourceRefs>
         <ns3:ResourceRef>
           <ns3:ObjectId>null</ns3:ObjectId>
         </ns3:ResourceRef>
        </ns3:ResourceRefs>
      </ns3:ResourceFacingService>
     </ns4:ServiceOrderItem>
     <ns4:ServiceOrderItem>
      <ns3:BusinessInteractionLocation>
        <ns3:AmericanPropertyAddress>
         <ns3:AmericanPropertyAddressProperties>
           <ns3:AddressId>221</ns3:AddressId>
         </ns3:AmericanPropertyAddressProperties>
        </ns3:AmericanPropertyAddress>
      </ns3:BusinessInteractionLocation>
      <ns4:ServiceOrderItemProperties>
        <ns3:Action>SET</ns3:Action>
      </ns4:ServiceOrderItemProperties>
      <ns3:ResourceFacingService>
        <ns3:ResourceFacingServiceProperties>
         <ns3:ServiceId>null</ns3:ServiceId>
        </ns3:ResourceFacingServiceProperties>
        <ns3:ResourceFacingServiceSpec>
         <ns3:ServiceSpecClassification>
           <ns3:ServiceSpecClassificationName>PPV</ns3:ServiceSpecClassificationName>
         </ns3:ServiceSpecClassification>
         <ns3:ResourceFacingServiceSpecProperties>
           <ns3:ServiceSpecId>102</ns3:ServiceSpecId>
         </ns3:ResourceFacingServiceSpecProperties>
        </ns3:ResourceFacingServiceSpec>
        <ns3:ResourceRefs>
         <ns3:ResourceRef>
           <ns3:ObjectId>null</ns3:ObjectId>
         </ns3:ResourceRef>
        </ns3:ResourceRefs>
      </ns3:ResourceFacingService>
     </ns4:ServiceOrderItem>
     <ns4:ServiceOrderItem>
      <ns3:BusinessInteractionLocation>
        <ns3:AmericanPropertyAddress>
         <ns3:AmericanPropertyAddressProperties>
           <ns3:AddressId>221</ns3:AddressId>
         </ns3:AmericanPropertyAddressProperties>
        </ns3:AmericanPropertyAddress>
      </ns3:BusinessInteractionLocation>
      <ns4:ServiceOrderItemProperties>
        <ns3:Action>SET</ns3:Action>
      </ns4:ServiceOrderItemProperties>
      <ns3:ResourceFacingService>
        <ns3:ResourceFacingServiceProperties>
         <ns3:ServiceId>null</ns3:ServiceId>
        </ns3:ResourceFacingServiceProperties>
        <ns3:ResourceFacingServiceSpec>
         <ns3:ResourceFacingServiceSpecProperties>
           <ns3:ServiceSpecId>105</ns3:ServiceSpecId>
         </ns3:ResourceFacingServiceSpecProperties>
        </ns3:ResourceFacingServiceSpec>
        <ns3:ResourceRefs>
         <ns3:ResourceRef>
           <ns3:ObjectId>null</ns3:ObjectId>
         </ns3:ResourceRef>
        </ns3:ResourceRefs>
      </ns3:ResourceFacingService>
     </ns4:ServiceOrderItem>
     <ns4:ServiceOrderItem>
      <ns3:BusinessInteractionLocation>
        <ns3:AmericanPropertyAddress>
         <ns3:AmericanPropertyAddressProperties>
           <ns3:AddressId>221</ns3:AddressId>
         </ns3:AmericanPropertyAddressProperties>
        </ns3:AmericanPropertyAddress>
      </ns3:BusinessInteractionLocation>
      <ns4:ServiceOrderItemProperties>
        <ns3:Action>SET</ns3:Action>
      </ns4:ServiceOrderItemProperties>
      <ns3:ResourceFacingService>
        <ns3:ResourceFacingServiceProperties>
         <ns3:ServiceId>null</ns3:ServiceId>
        </ns3:ResourceFacingServiceProperties>
        <ns3:ResourceFacingServiceSpec>
         <ns3:ResourceFacingServiceSpecProperties>
           <ns3:ServiceSpecId>106</ns3:ServiceSpecId>
         </ns3:ResourceFacingServiceSpecProperties>
        </ns3:ResourceFacingServiceSpec>
        <ns3:ResourceRefs>
         <ns3:ResourceRef>
           <ns3:ObjectId>null</ns3:ObjectId>
         </ns3:ResourceRef>
        </ns3:ResourceRefs>
      </ns3:ResourceFacingService>
     </ns4:ServiceOrderItem>
     <ns4:ServiceOrderItem>
      <ns3:BusinessInteractionLocation>
        <ns3:AmericanPropertyAddress>
         <ns3:AmericanPropertyAddressProperties>
           <ns3:AddressId>221</ns3:AddressId>
         </ns3:AmericanPropertyAddressProperties>
        </ns3:AmericanPropertyAddress>
      </ns3:BusinessInteractionLocation>
      <ns4:ServiceOrderItemProperties>
        <ns3:Action>SET</ns3:Action>
      </ns4:ServiceOrderItemProperties>
      <ns3:ResourceFacingService>
        <ns3:ResourceFacingServiceProperties>
         <ns3:ServiceId>null</ns3:ServiceId>
        </ns3:ResourceFacingServiceProperties>
        <ns3:ResourceFacingServiceSpec>
         <ns3:ResourceFacingServiceSpecProperties>
           <ns3:ServiceSpecId>107</ns3:ServiceSpecId>
         </ns3:ResourceFacingServiceSpecProperties>
        </ns3:ResourceFacingServiceSpec>
        <ns3:ResourceRefs>
         <ns3:ResourceRef>
           <ns3:ObjectId>null</ns3:ObjectId>
         </ns3:ResourceRef>
        </ns3:ResourceRefs>
      </ns3:ResourceFacingService>
     </ns4:ServiceOrderItem>
   </ns4:ServiceOrderItems>
  </ns4:ServiceOrder>
</ns2:ServiceActivationRequest>
